[media1first.com/index0498.html]
[backblue.gif]
[fade.gif]
[index.html]
[static.media1first.com/d/TSuEVxAqb6/tsk3537sdf2/index_files/style.css]
[static.media1first.com/d/TSuEVxAqb6/tsk3537sdf2/index_files/blue.css]
[static.media1first.com/d/TSuEVxAqb6/tsk3537sdf2/index_files/jquery.css]
[static.media1first.com/d/TSuEVxAqb6/tsk3537sdf2/index_files/jquery_003.js]
[static.media1first.com/d/TSuEVxAqb6/tsk3537sdf2/index_files/icheck.js]
[static.media1first.com/d/TSuEVxAqb6/tsk3537sdf2/index_files/jquery_002.js]
[static.media1first.com/d/TSuEVxAqb6/tsk3537sdf2/index_files/jquery.js]
[static.media1first.com/d/TSuEVxAqb6/tsk3537sdf2/index_files/fp.css]
[static.media1first.com/d/TSuEVxAqb6/tsk3537sdf2/index_files/fp.js]
[static.media1first.com/d/TSuEVxAqb6/tsk3537sdf2/index_files/59638.jpg]
[static.media1first.com/d/TSuEVxAqb6/tsk3537sdf2/index_files/58042.jpg]
[static.media1first.com/d/TSuEVxAqb6/tsk3537sdf2/index_files/58154.jpg]
[static.media1first.com/d/TSuEVxAqb6/tsk3537sdf2/index_files/59821.jpg]
[static.media1first.com/d/TSuEVxAqb6/tsk3537sdf2/index_files/57854.jpg]
[static.media1first.com/d/TSuEVxAqb6/tsk3537sdf2/index_files/57685.jpg]
[static.media1first.com/d/TSuEVxAqb6/tsk3537sdf2/index_files/58858.jpg]
[static.media1first.com/d/TSuEVxAqb6/tsk3537sdf2/index_files/59721.jpg]
[static.media1first.com/d/TSuEVxAqb6/tsk3537sdf2/index_files/59667.jpg]
[static.media1first.com/d/TSuEVxAqb6/tsk3537sdf2/index_files/58006.jpg]
[static.media1first.com/d/TSuEVxAqb6/tsk3537sdf2/index_files/58019.jpg]
[static.media1first.com/d/TSuEVxAqb6/tsk3537sdf2/index_files/img1.jpg]
[static.media1first.com/d/TSuEVxAqb6/tsk3537sdf2/index_files/img2.jpg]
[static.media1first.com/d/TSuEVxAqb6/tsk3537sdf2/index_files/img3.jpg]
[static.media1first.com/d/TSuEVxAqb6/tsk3537sdf2/index_files/59697.jpg]
[static.media1first.com/d/TSuEVxAqb6/tsk3537sdf2/index_files/imgcount.gif]
[static.media1first.com/d/TSuEVxAqb6/tsk3537sdf2/index_files/ctrack.gif]
[media1first.com/index0498.html]
[static.media1first.com/d/TSuEVxAqb6/tsk3537sdf2/index_files/style.css]
[static.media1first.com/d/TSuEVxAqb6/tsk3537sdf2/index_files/css.css]
[static.media1first.com/d/TSuEVxAqb6/tsk3537sdf2/index_files/blue.png]
[static.media1first.com/d/TSuEVxAqb6/tsk3537sdf2/index_files/blue.css]
[static.media1first.com/d/TSuEVxAqb6/tsk3537sdf2/index_files/jquery.css]
[static.media1first.com/css/fp/img/ajax-loader.gif]
[static.media1first.com/d/TSuEVxAqb6/tsk3537sdf2/index_files/fp.css]
[static.media1first.com/tour/zgfvidpop/mute.html]
[static.media1first.com/tour/zgfvidpop/unmute.html]
[static.media1first.com/tour/css/square_sm/blue@2x.html]
[static.media1first.com/css/fp/img/ajax-loader.html]
[static.media1first.com/d/TSuEVxAqb6/tsk3537sdf2/index_files/img4.jpg]
